Creating profilemitraa_users table...
✓ profilemitraa_users table created (or already exists).
Dropping profilemitraa_profiles if exists...
✓ Dropped.
Creating profilemitraa_profiles base table...
✓ Base table created.
Executing: ALTER TABLE profilemitraa_profiles ADD COLUMN phone VARCHAR(...
Executing: ALTER TABLE profilemitraa_profiles ADD COLUMN dob VARCHAR(50...
Executing: ALTER TABLE profilemitraa_profiles ADD COLUMN location TEXT...
Executing: ALTER TABLE profilemitraa_profiles ADD COLUMN headline VARCH...
Executing: ALTER TABLE profilemitraa_profiles ADD COLUMN profile_photo_...
Executing: ALTER TABLE profilemitraa_profiles ADD COLUMN professional_t...
Executing: ALTER TABLE profilemitraa_profiles ADD COLUMN experience_lev...
Executing: ALTER TABLE profilemitraa_profiles ADD COLUMN current_job_ro...
Executing: ALTER TABLE profilemitraa_profiles ADD COLUMN experience_yea...
Executing: ALTER TABLE profilemitraa_profiles ADD COLUMN employment_typ...
Executing: ALTER TABLE profilemitraa_profiles ADD COLUMN company VARCHA...
Executing: ALTER TABLE profilemitraa_profiles ADD COLUMN about_me TEXT...
Executing: ALTER TABLE profilemitraa_profiles ADD COLUMN tech_skills JS...
Executing: ALTER TABLE profilemitraa_profiles ADD COLUMN tools JSONB DE...
Executing: ALTER TABLE profilemitraa_profiles ADD COLUMN soft_skills JS...
Executing: ALTER TABLE profilemitraa_profiles ADD COLUMN languages JSON...
Executing: ALTER TABLE profilemitraa_profiles ADD COLUMN certifications...
Executing: ALTER TABLE profilemitraa_profiles ADD COLUMN created_at TIM...
Executing: ALTER TABLE profilemitraa_profiles ADD COLUMN updated_at TIM...
✓ All profile columns added successfully.
✅ Database initialization complete!
